0
0
0
0
152379577423872
28
0
130000020
120000011
0
28
30001
5733937602205373
0
