0
877637953440
28531181591
1100120000
111
0
122100
0
1
12
0
126379865295360
1110
0
35298311949
