3
12566552533833056
520
20101
0
1069443
0
0
0
78026632695
2010100000000000
858294745726
201011000
0
0
0
