3486784401
0
9
0
0
285331494525
108484459536384
102010210000000000
35095734178747
26366172976
9
544644
285331172423
6561
386026904695564
0
0
1
