5764801
3486784401
2591956246
0
116657515782144
0
0
0
5625844704
8
0
45952870649896573
551431281075009863
1
1100100000
