763498980296470
91969387023868618
512
8389335230324708
2000011000000
0
101312100000
0
573647556900
0
118261
0
0
281474976710656
3545818
532179
0
34886069934397
