216130949
0
0
0
118205557922304
21435767
204259204089741312
295424
0
0
0
11211000000000
