0
0
2790745069132800
0
12100000000000
0
0
343
0
100253958657769367
0
10097379
