287669619633
2573246887938
0
0
0
0
730
0
3169083468265
1468
101200000000000
0
