0
4796091
0
498120
69127952471688
0
30842277476216832
285993721838
860751360
0
13140
0
10329016323
2570189789684736
20011000000000
17848540206144
0
30842277476216832
