0
0
0
797161022046015
0
80384595016
0
0
0
0
0
0
0
