0
211000
0
0
0
111000100
3917258172
0
22100100
60555429
6588109406417
82528344998
0
0
0
49003022289567744
0
4083585190797312
1180989
