32321681090150400
17
16225
0
6305387904398
30745
0
72495142505698
72780668535190
0
