45956009312119346
9
115919667461376
0
430526259
0
0
3423954581905
512
1
0
1100100000000000
294976
1100100100000000
50130144990582877
0
