31
0
0
0
4160
0
0
11600000
199087521552
127000010
1
