56612019288
0
910401815829
0
9531695078437741
221201
11101100000000
1539
1210020
0
0
1540
5630
0
31000
0
599388206461
0
