532170
0
383175935121386
0
1011
14773
1
1111000000000
0
101000001000000000
0
4842018
0
0
0
10100110010
