0
2363392
0
1964568
9
9
26385790706
1021010
10010100100
544572
