100210
730
186498079633391616
0
0
8
1
0
3164580176175
100200010
0
