0
0
1056915999224555459
385195606216261632
0
0
0
3704426
0
0
0
0
0
7
