1
430467210
504921625
28532762918
0
4096
54724775604884077
0
1201200
48367701
72708714000
1855562054680170
28314862125
0
2605284679974912000
0
11112
