0
0
0
1145816813786920
1525082179150390520
202
0
0
12604006173185339
0
