0
30636
1020
59778
10110
0
0
60507
0
188845365549514752
2001
0
0
0
0
