0
1100011
0
0
1031001
10010
0
1393214257741824
0
0
50234021784316139
0
10111100
