0
0
1
65
7291
0
0
133
0
1120011000
0
4842018
0
0
1022112100000
