2101
4943079142262910
2
400798848719536128
784
0
0
0
0
40760786
0
22010
35207697398781069
136
9566100
64
