1304801430617088
1010020010000
100103
0
0
0
0
4043699
0
0
26230231412
10130110
81
