22020101000
231948935195904
1121000000000
4104
0
2101120000000000
136
75322943766169
33400646668210176
19329077932992
0
2202
0
64
22011000000000
150994944
