643092859
3
6840835047105822720
0
0
31001
0
6840835047105822720
817887699
0
0
6840835047105822720
0
0
0
80172168879
