2377756965
235648347
555646475696616777
2419126033589600256
0
201593836132466688
3529831122
0
37663732329036
0
509696460521374005
8
90
