321052357734912
1162327077
0
3000211
0
0
0
0
729
0
0
387480267
0
