0
0
48367692
0
0
66357
0
16117
0
72747777192
2606684384770523136
0
10
0
556405692410060339
72
6062314766
