0
2010101000
386585841919131648
36864
74922926
72
0
21100100
100110
0
0
0
