138946783587557
19190925
1130105566413
805255
21
5357
0
0
0
5000
