90
4594947029268288
0
0
0
0
82
0
4842748
3452035744388
0
2420294228500414464
46367169152535517
0
116719436173824
10110
0
551431618475888557
10111001000000
