11311000000
1019663113981482080
0
0
435257469
8844407150077543
0
0
212000000000000
8
54897322612
0
1120012000
0
8840
0
0
