100000001000
26367915376
0
524288
763683617952
2416410548
0
0
81
0
0
0
