7093346227
0
0
46328125979713536
0
22876802611389
301000001
29282
18
3010000010
1000000211
20100001
