2702446210547712
75420314
0
130326302592
28961480559
0
0
0
110001
0
1563915631104
0
1
0
