0
0
4096
3010
130111010000
0
0
0
12000001000
0
11
0
77507459712
