20406098869825212
1057603286529326185
4809559384305303552
0
1
134225975544
14
2905
22010000100000
96145779725964540
0
3878987940
0
0
