2576821041303552
17894590564608
71914346
20101000000
10355665836
0
0
0
0
69045681164207
0
8354501269085565
