0
100
45950095345464266
379752854094746
31424165379
25957118088
1
0
0
532170
1
22877179875450
0
45984563824811304
0
1332
1284673584319488
0
