18146895179811134589
0
13145865594
0
15459769006
409582584048
14447679030184378368
5053053006841380864
551353010000000
0
6365648957288218624
0
16244987370376573496
8216614110486331392
0
0
0
0
0
0
0
0
696078942616508094
5053053006841380864
0
12033618204333965312
8216614110486331392
2753
0
0
11642930936659574784
11642930936659574784
0
0
150109938
0
0
0
0
0
0
15728664738510148840
0
6431111100000000
0
0
0
0
0
0
12762990237735452672
553417321100
553417321100
5642244010000000000
25
211
0
0
5296403860967915520
0
0
0
5581930263149019136
0
0
195815653102344
14676084511751798784
0
0
15148406240826964319
0
0
0
0
55233341210000000
16375088245119123456
7144632429582483456
16375088245119123456
0
0
1223007042645983232
0
16375088245119123456
0
20347613363473
0
0
0
0
65121701
12546134052891056184
6582929054055721224
0
0
0
0
0
0
14256145805852278784
0
0
0
0
0
0
0
0
0
10202720594173775061
35911
0
0
15276209936040722432
0
1062929378944539224
0
13855660688692754541
0
