0
0
0
0
0
0
0
91001010000
0
9110100000000
0
0
0
5764607523034234880
0
0
18430569501750722560
7
0
16807
459880526656507957
0
0
0
0
5764607523034234880
0
0
0
214358881
15085862483040141312
0
16117605711638167552
0
0
0
0
6701356245527298048
14095140933762809856
0
3104206659
17976804394182244960
0
1611853
0
13442
0
910011
0
15085862483040141312
0
0
10000000000000
0
0
6773244766835441664
0
41807320605137087
15092213262202175488
18252649210203602944
15085862483040141312
6629298651489370112
0
5058685793221587527
32768
0
0
0
0
0
0
14095140933762809856
0
3800665509557917
3120994541767753728
0
0
6110640388231970816
0
0
5104597550695543824
0
18252649210203602944
0
0
0
0
3261777232891331530
5764607523034234880
15092213262202175488
0
285311670611
0
4308165612584450826
0
4835855839594020864
4310658
13833710174285594624
0
0
0
13835058055282163712
98882502720768
31381059609
0
0
5705386105799243824
15092213262202175488
3832049362835804
5347198282864568438
348653455051946
0
0
