0
4584664420663164928
8646911284551352320
0
23830830080529032
0
0
0
0
8646911284551352320
622871552
0
0
11529215046068469760
0
0
0
22767782221183549
15276573281352017886
127
4515421576392343552
16033974980538075285
0
3420
0
3875232013000000000
0
0
0
0
57611
0
2152506769996977501
0
18339792599843340288
18122484900538875904
6276274362068762624
0
0
0
0
565214511000000000
0
16752270939773507882
0
0
0
0
5762242001
0
9347112333191262526
0
3539
0
0
0
0
0
0
0
0
24
14310270829097648128
0
0
13090407208301101056
0
537434311000
0
0
0
0
2929928062628926007
0
13090407208301101056
0
0
0
0
0
0
10167566679070536614
47641542120000000
16536945392058083133
0
0
0
0
0
0
0
17163326387315015680
0
0
467324
4515421576392343552
0
0
0
0
0
8646911284551352320
0
0
1912
1009227411
13090407208301101056
3209148629178928681
0
89834838096715776
0
9456207656643
0
0
14555633995661443072
47621532100000000
18248461145050984978
12878782705576212282
