0
0
7400020102000
0
50
0
0
0
4611260298682317406
0
0
0
0
0
0
2184883536018800640
7619528736248954880
0
0
0
0
6498694262295625728
0
0
0
0
0
0
0
163165005
0
9323033715161793536
0
0
0
0
11723642724560553534
1052967208012087459
13474770085092524032
426497035737441559
8854237670985957376
0
1028579933644914688
14017131683283730432
0
0
0
0
5558049960934376678
0
0
7771858358516056064
0
0
0
0
2702482110017956477
3787514887180787250
2388897082737
0
0
0
730013120100
0
0
12075212381911333722
3458764513820540928
12159981012310294528
16792563631756673024
0
0
0
0
0
2386268084882
0
0
17088873063783971511
4617
0
9144921348324737012
0
9628791040438468608
0
0
0
388905518572107768
0
0
14123288431433875456
0
0
0
0
0
14017131683283730432
0
1028579933644914688
0
0
354477709
4611686018427387904
2345092
0
741
0
13474770085092524032
