999
12347
12348
12349
999
999
12445
12446
12447
998
