123
456
124
457
125
458
126
459
127
460
128
461
129
462
130
463
