001
123
000000000000000000000000000000001
123456789012345678901234567890
001
456666666666666666666666666666666666666666666666666666666666
000000000000000000000000000000001
456
